------------------------------------------------------------
Timing Analyzer Summary
------------------------------------------------------------

Type  : Slow 1200mV 85C Model Setup 'clkIn'
Slack : -2.718
TNS   : -65.780

Type  : Slow 1200mV 85C Model Setup 'clk_div:clk_div_inst|clkOut'
Slack : 0.093
TNS   : 0.000

Type  : Slow 1200mV 85C Model Hold 'clk_div:clk_div_inst|clkOut'
Slack : 0.444
TNS   : 0.000

Type  : Slow 1200mV 85C Model Hold 'clkIn'
Slack : 0.640
TNS   : 0.000

Type  : Slow 1200mV 85C Model Minimum Pulse Width 'clkIn'
Slack : -3.000
TNS   : -46.690

Type  : Slow 1200mV 85C Model Minimum Pulse Width 'clk_div:clk_div_inst|clkOut'
Slack : -1.285
TNS   : -3.855

Type  : Slow 1200mV 0C Model Setup 'clkIn'
Slack : -2.344
TNS   : -55.424

Type  : Slow 1200mV 0C Model Setup 'clk_div:clk_div_inst|clkOut'
Slack : 0.181
TNS   : 0.000

Type  : Slow 1200mV 0C Model Hold 'clk_div:clk_div_inst|clkOut'
Slack : 0.401
TNS   : 0.000

Type  : Slow 1200mV 0C Model Hold 'clkIn'
Slack : 0.585
TNS   : 0.000

Type  : Slow 1200mV 0C Model Minimum Pulse Width 'clkIn'
Slack : -3.000
TNS   : -46.690

Type  : Slow 1200mV 0C Model Minimum Pulse Width 'clk_div:clk_div_inst|clkOut'
Slack : -1.285
TNS   : -3.855

Type  : Fast 1200mV 0C Model Setup 'clkIn'
Slack : -0.845
TNS   : -16.328

Type  : Fast 1200mV 0C Model Setup 'clk_div:clk_div_inst|clkOut'
Slack : 0.553
TNS   : 0.000

Type  : Fast 1200mV 0C Model Hold 'clk_div:clk_div_inst|clkOut'
Slack : 0.205
TNS   : 0.000

Type  : Fast 1200mV 0C Model Hold 'clkIn'
Slack : 0.293
TNS   : 0.000

Type  : Fast 1200mV 0C Model Minimum Pulse Width 'clkIn'
Slack : -3.000
TNS   : -39.201

Type  : Fast 1200mV 0C Model Minimum Pulse Width 'clk_div:clk_div_inst|clkOut'
Slack : -1.000
TNS   : -3.000

------------------------------------------------------------
